AR displayer behavioral D:/Stuff/Programowanie/UCISW_Football/Displayer.vhd sub00/vhpl03 1590348891
AR gamemanager behavioral D:/Stuff/Programowanie/UCISW_Football/GameManager.vhd sub00/vhpl01 1590348889
EN football NULL D:/Stuff/Programowanie/UCISW_Football/Football.vhf sub00/vhpl04 1590348892
EN displayer NULL D:/Stuff/Programowanie/UCISW_Football/Displayer.vhd sub00/vhpl02 1590348890
EN gamemanager NULL D:/Stuff/Programowanie/UCISW_Football/GameManager.vhd sub00/vhpl00 1590348888
AR football behavioral D:/Stuff/Programowanie/UCISW_Football/Football.vhf sub00/vhpl05 1590348893
