AR displayer behavioral D:/Stuff/Programowanie/UCISW_Football/Displayer.vhd sub00/vhpl03 1590392510
AR gamemanager behavioral D:/Stuff/Programowanie/UCISW_Football/GameManager.vhd sub00/vhpl01 1590392508
EN football NULL D:/Stuff/Programowanie/UCISW_Football/Football.vhf sub00/vhpl04 1590392511
EN displayer NULL D:/Stuff/Programowanie/UCISW_Football/Displayer.vhd sub00/vhpl02 1590392509
EN gamemanager NULL D:/Stuff/Programowanie/UCISW_Football/GameManager.vhd sub00/vhpl00 1590392507
AR football behavioral D:/Stuff/Programowanie/UCISW_Football/Football.vhf sub00/vhpl05 1590392512
